Opening bracket is not closed
((((())
~~^~~~~
Opening bracket is not closed
((((())
~^~~~~~
Opening bracket is not closed
((((())
^~~~~~~