a = 1 + 1 + 1 + 1 + 1 + 1;
OUT a;
a = 1 + 1 + 1 + 1 + 1 + 1;
OUT a;
a = 1 + 1 + 1 + 1 + 1 + 1;
OUT a;
a = 1 + 1 + 1 + 1 + 1 + 1;
OUT a;
a = 1 + 1 + 1 + 1 + 1 + 1;
OUT a;
a = 1 + 1 + 1 + 1 + 1 + 1;

OUT 1 + 4 + 5 + 6 + 7;

OUT 1 + 11 + 1;
OUT 1 + 5 + 6 + 7 + 8 + 10 + 1;