warning: expected ';' at 1 line.
warning: expected ';' at 3 line.
warning: expected ';' at 5 line.
warning: expected ';' at 7 line.
warning: expected ';' at 9 line.
