warning: expected plus in expression at 1 line.
warning: expected plus in expression at 1 line.
warning: expected plus in expression at 1 line.
warning: expected plus in expression at 1 line.
warning: expected plus in expression at 1 line.
warning: expected plus in expression at 3 line.
warning: expected plus in expression at 3 line.
warning: expected plus in expression at 3 line.
warning: expected plus in expression at 3 line.
warning: expected plus in expression at 5 line.
warning: expected plus in expression at 5 line.
warning: expected plus in expression at 5 line.
warning: expected plus in expression at 7 line.
warning: expected plus in expression at 7 line.
warning: expected plus in expression at 9 line.
warning: expected plus in expression at 13 line.
warning: expected plus in expression at 13 line.
warning: expected plus in expression at 13 line.
warning: expected plus in expression at 16 line.
warning: expected plus in expression at 16 line.
warning: expected plus in expression at 16 line.
