;
1 + 1;
a;

OUT dssd = 1033;
OUT ds = 1033 + 1 + 2;
OUT ds;
OUT 5 + 1 + aba  +  1033 + 1;

a = b + 1 + c + 10;
k = a + b + c + d + 10 + 2 + 5 + 1;
b = 10; OUT b; b = 20; OUT b;

OUT k;
OUT ;
OUT;